// Jest Snapshot v1, https://goo.gl/fbAQLP

exports[`renders ShoppingCart without crashing 1`] = `
<span
  className="MuiBadge-root BaseBadge-root css-1c32n2y-MuiBadge-root"
>
  <svg
    aria-hidden={true}
    className="MuiSvgIcon-root MuiSvgIcon-colorAction MuiSvgIcon-fontSizeMedium css-11pbyhm-MuiSvgIcon-root"
    data-testid="ShoppingCartOutlinedIcon"
    focusable="false"
    viewBox="0 0 24 24"
  >
    <path
      d="M15.55 13c.75 0 1.41-.41 1.75-1.03l3.58-6.49c.37-.66-.11-1.48-.87-1.48H5.21l-.94-2H1v2h2l3.6 7.59-1.35 2.44C4.52 15.37 5.48 17 7 17h12v-2H7l1.1-2h7.45zM6.16 6h12.15l-2.76 5H8.53L6.16 6zM7 18c-1.1 0-1.99.9-1.99 2S5.9 22 7 22s2-.9 2-2-.9-2-2-2zm10 0c-1.1 0-1.99.9-1.99 2s.89 2 1.99 2 2-.9 2-2-.9-2-2-2z"
    />
  </svg>
  <span
    className="MuiBadge-badge MuiBadge-standard MuiBadge-anchorOriginTopRight MuiBadge-anchorOriginTopRightRectangular MuiBadge-overlapRectangular MuiBadge-colorError BaseBadge-badge css-to4x1n-MuiBadge-badge"
  >
    5
  </span>
</span>
`;
